{
    "Stub pipeline run": {
        "content": [
            {
                "ASSIGN_GENUS": {
                    "assign_genus": "1.0.0"
                },
                "FASTANI_INTRA_GENUS": {
                    "fastani": 1.34
                },
                "FASTANI_QUERY_VS_REFERENCE": {
                    "fastani": 1.34
                },
                "SPECIES_DECISION": {
                    "species_decision": "1.0.0"
                },
                "Workflow": {
                    "nf-core/novelspecies": "v1.0.0dev"
                }
            },
            [
                "ani",
                "ani/TestGenus_intra_genus.tsv",
                "ani/TestGenus_query_vs_reference.tsv",
                "assign",
                "assign/sample_assignments.tsv",
                "pipeline_info",
                "pipeline_info/nf_core_novelspecies_software_versions.yml",
                "prepare",
                "prepare/query_list.txt",
                "reference",
                "reference/genus_manifests",
                "reference/genus_manifests/TestGenus",
                "reference/genus_manifests/TestGenus/ref_list.txt",
                "reference/genus_manifests/TestGenus/references.tsv",
                "reference/genus_manifests/TestGenus/staged_refs",
                "reference/genus_manifests/TestGenus/staged_refs/GCF_TYPE.1.fna",
                "species_delimitation_summary.tsv",
                "summary",
                "summary/species_delimitation_report.html",
                "summary/species_delimitation_summary.tsv"
            ],
            [
                "TestGenus_intra_genus.tsv:md5,e34edd69a62368a10fae8f62f68a3683",
                "TestGenus_query_vs_reference.tsv:md5,448b25fda3666a43497ae591d4dbd6ac",
                "sample_assignments.tsv:md5,0506050945e28139a420f09ec9291dcd",
                "GCF_TYPE.1.fna:md5,d41d8cd98f00b204e9800998ecf8427e"
            ]
        ],
        "timestamp": "2026-08-24T10:08:01.521980789",
        "meta": {
            "nf-test": "0.9.5",
            "nextflow": "26.04.6"
        }
    }
}